../Core/Src/main.c:137:5:main	72	static
../Core/Src/main.c:254:6:SystemClock_Config	88	static
../Core/Src/main.c:302:13:MX_I2C1_Init	8	static
../Core/Src/main.c:336:13:MX_TIM2_Init	32	static
../Core/Src/main.c:381:13:MX_TIM3_Init	48	static
../Core/Src/main.c:439:13:MX_USART2_UART_Init	8	static
../Core/Src/main.c:472:13:MX_GPIO_Init	48	static
../Core/Src/main.c:518:6:Task_IMU	56	static
../Core/Src/main.c:545:6:Task_Sonar	16	static
../Core/Src/main.c:564:6:Task_Compute_TTC	16	static
../Core/Src/main.c:580:6:Task_Update_Safety_State	32	static
../Core/Src/main.c:652:6:Task_Send_Telemetry	320	static
../Core/Src/main.c:684:6:Error_Handler	4	static,ignoring_inline_asm
